=== 对局开始 ===
[玩家 1] 职业：巫师，牌组 40 张
[玩家 2] 职业：主教，牌组 40 张
[半回合 001][玩家 1] 起手：激震的歌利亚
[半回合 001][玩家 1] 起手：商队猛犸象
[半回合 001][玩家 1] 起手：商队猛犸象
[半回合 001][玩家 1] 起手：天晶魔手
[半回合 001][玩家 2] 起手：激震的歌利亚
[半回合 001][玩家 2] 起手：纯洁白狐
[半回合 001][玩家 2] 起手：激震的歌利亚
[半回合 001][玩家 2] 起手：治愈的修女
[半回合 001][玩家 1] 第 1 个行动回合开始，能量 1/1
[半回合 001][玩家 1] 回合抽牌：商队猛犸象
[半回合 001][玩家 1] 打出 天晶魔手 (1费 1/1)
[半回合 001][玩家 1] 结束回合
[半回合 002][玩家 2] 第 1 个行动回合开始，能量 1/1
[半回合 002][玩家 2] 回合抽牌：商队猛犸象
[半回合 002][玩家 2] 结束回合
[半回合 003][玩家 1] 第 2 个行动回合开始，能量 2/2
[半回合 003][玩家 1] 回合抽牌：天晶魔手
[半回合 003][玩家 1] 打出 天晶魔手 (1费 1/1)
[半回合 003][玩家 1] 结束回合
[半回合 004][玩家 2] 第 2 个行动回合开始，能量 2/2
[半回合 004][玩家 2] 回合抽牌：商队猛犸象
[半回合 004][玩家 2] 打出 纯洁白狐 (2费 1/3)
[半回合 004][玩家 2] 结束回合
[半回合 005][玩家 1] 第 3 个行动回合开始，能量 3/3
[半回合 005][玩家 1] 回合抽牌：商队猛犸象
[半回合 005][玩家 1] 天晶魔手 攻击 纯洁白狐，造成 1 点并受到 1 点伤害
[半回合 005][玩家 1] 天晶魔手 攻击 纯洁白狐，造成 1 点并受到 1 点伤害
[半回合 005][玩家 1] 结束回合
[半回合 006][玩家 2] 第 3 个行动回合开始，能量 3/3
[半回合 006][玩家 2] 回合抽牌：纯洁白狐
[半回合 006][玩家 2] 打出 纯洁白狐 (2费 1/3)
[半回合 006][玩家 2] 纯洁白狐 攻击对方主战者，造成 1 点伤害（对方生命 19）
[半回合 006][玩家 2] 结束回合
[半回合 007][玩家 1] 第 4 个行动回合开始，能量 4/4
[半回合 007][玩家 1] 回合抽牌：商队猛犸象
[半回合 007][玩家 1] 打出 激震的歌利亚 (4费 4/5)
[半回合 007][玩家 1] 进化 激震的歌利亚，变为 6/7，剩余进化点 1
[半回合 007][玩家 1] 激震的歌利亚 攻击 纯洁白狐，造成 6 点并受到 1 点伤害
[半回合 007][玩家 1] 结束回合
[半回合 008][玩家 2] 第 4 个行动回合开始，能量 4/4
[半回合 008][玩家 2] 回合抽牌：指明目标的光辉天使
[半回合 008][玩家 2] 打出 激震的歌利亚 (4费 4/5)
[半回合 008][玩家 2] 进化 激震的歌利亚，变为 6/7，剩余进化点 1
[半回合 008][玩家 2] 纯洁白狐 攻击 激震的歌利亚，造成 1 点并受到 6 点伤害
[半回合 008][玩家 2] 激震的歌利亚 攻击 激震的歌利亚，造成 6 点并受到 6 点伤害
[半回合 008][玩家 2] 结束回合
[半回合 009][玩家 1] 第 5 个行动回合开始，能量 5/5
[半回合 009][玩家 1] 回合抽牌：天晶魔手
[半回合 009][玩家 1] 打出 天晶魔手 (1费 1/1)
[半回合 009][玩家 1] 进化 天晶魔手，变为 3/3，剩余进化点 0
[半回合 009][玩家 1] 天晶魔手 攻击 激震的歌利亚，造成 3 点并受到 6 点伤害
[半回合 009][玩家 1] 结束回合
[半回合 010][玩家 2] 第 5 个行动回合开始，能量 5/5
[半回合 010][玩家 2] 回合抽牌：治愈的修女
[半回合 010][玩家 2] 打出 指明目标的光辉天使 (5费 2/3)
[半回合 010][玩家 2] 指明目标的光辉天使 入场曲抽牌：指明目标的光辉天使
[半回合 010][玩家 2] 指明目标的光辉天使 入场曲抽牌：纯洁白狐
[半回合 010][玩家 2] 指明目标的光辉天使 入场曲回复 0 点生命（生命 20）
[半回合 010][玩家 2] 进化 指明目标的光辉天使，变为 4/5，剩余进化点 0
[半回合 010][玩家 2] 结束回合
[半回合 011][玩家 1] 第 6 个行动回合开始，能量 6/6
[半回合 011][玩家 1] 回合抽牌：商队猛犸象
[半回合 011][玩家 1] 结束回合
[半回合 012][玩家 2] 第 6 个行动回合开始，能量 6/6
[半回合 012][玩家 2] 回合抽牌：治愈的修女
[半回合 012][玩家 2] 打出 治愈的修女 (6费 3/5)
[半回合 012][玩家 2] 治愈的修女 入场曲回复 0 点生命（生命 20）
[半回合 012][玩家 2] 指明目标的光辉天使 攻击对方主战者，造成 4 点伤害（对方生命 15）
[半回合 012][玩家 2] 结束回合
[半回合 013][玩家 1] 第 7 个行动回合开始，能量 7/7
[半回合 013][玩家 1] 回合抽牌：激震的歌利亚
[半回合 013][玩家 1] 打出 商队猛犸象 (7费 10/10)
[半回合 013][玩家 1] 结束回合
[半回合 014][玩家 2] 第 7 个行动回合开始，能量 7/7
[半回合 014][玩家 2] 回合抽牌：指明目标的光辉天使
[半回合 014][玩家 2] 打出 商队猛犸象 (7费 10/10)
[半回合 014][玩家 2] 指明目标的光辉天使 攻击对方主战者，造成 4 点伤害（对方生命 11）
[半回合 014][玩家 2] 治愈的修女 攻击对方主战者，造成 3 点伤害（对方生命 8）
[半回合 014][玩家 2] 结束回合
[半回合 015][玩家 1] 第 8 个行动回合开始，能量 8/8
[半回合 015][玩家 1] 回合抽牌：激震的歌利亚
[半回合 015][玩家 1] 打出 商队猛犸象 (7费 10/10)
[半回合 015][玩家 1] 商队猛犸象 攻击 治愈的修女，造成 10 点并受到 3 点伤害
[半回合 015][玩家 1] 结束回合
[半回合 016][玩家 2] 第 8 个行动回合开始，能量 8/8
[半回合 016][玩家 2] 回合抽牌：指明目标的光辉天使
[半回合 016][玩家 2] 打出 商队猛犸象 (7费 10/10)
[半回合 016][玩家 2] 指明目标的光辉天使 攻击对方主战者，造成 4 点伤害（对方生命 4）
[半回合 016][玩家 2] 商队猛犸象 攻击对方主战者，造成 10 点伤害（对方生命 -6）
=== 对局结束：玩家 2 获胜 ===

最终状态：玩家1(巫师)生命=-6，玩家2(主教)生命=20，胜者=2
