=== 对局开始 ===
[玩家 1] 职业：主教，牌组 40 张
[玩家 2] 职业：主教，牌组 40 张
[半回合 001][玩家 1] 起手：激震的歌利亚
[半回合 001][玩家 1] 起手：坚固的雾卷花
[半回合 001][玩家 1] 起手：纯洁白狐
[半回合 001][玩家 1] 起手：纯洁白狐
[半回合 001][玩家 2] 起手：崇敬的涂描者
[半回合 001][玩家 2] 起手：坚固的雾卷花
[半回合 001][玩家 2] 起手：激震的歌利亚
[半回合 001][玩家 2] 起手：坚固的雾卷花
[半回合 001][玩家 1] 第 1 个行动回合开始，能量 1/1
[半回合 001][玩家 1] 回合抽牌：崇敬的涂描者
[半回合 001][玩家 1] 结束回合
[半回合 002][玩家 2] 第 1 个行动回合开始，能量 1/1
[半回合 002][玩家 2] 回合抽牌：激震的歌利亚
[半回合 002][玩家 2] 结束回合
[半回合 003][玩家 1] 第 2 个行动回合开始，能量 2/2
[半回合 003][玩家 1] 回合抽牌：激震的歌利亚
[半回合 003][玩家 1] 打出 纯洁白狐 (2费 1/3)
[半回合 003][玩家 1] 结束回合
[半回合 004][玩家 2] 第 2 个行动回合开始，能量 2/2
[半回合 004][玩家 2] 回合抽牌：崇敬的涂描者
[半回合 004][玩家 2] 结束回合
[半回合 005][玩家 1] 第 3 个行动回合开始，能量 3/3
[半回合 005][玩家 1] 回合抽牌：崇敬的涂描者
[半回合 005][玩家 1] 打出 纯洁白狐 (2费 1/3)
[半回合 005][玩家 1] 纯洁白狐 攻击对方主战者，造成 1 点伤害（对方生命 19）
[半回合 005][玩家 1] 结束回合
[半回合 006][玩家 2] 第 3 个行动回合开始，能量 3/3
[半回合 006][玩家 2] 回合抽牌：纯洁白狐
[半回合 006][玩家 2] 打出 纯洁白狐 (2费 1/3)
[半回合 006][玩家 2] 结束回合
[半回合 007][玩家 1] 第 4 个行动回合开始，能量 4/4
[半回合 007][玩家 1] 回合抽牌：祥和的教会
[半回合 007][玩家 1] 打出 崇敬的涂描者 (4费 5/3)
[半回合 007][玩家 1] 进化 纯洁白狐，变为 3/5，剩余进化点 1
[半回合 007][玩家 1] 纯洁白狐 攻击 纯洁白狐，造成 3 点并受到 1 点伤害
[半回合 007][玩家 1] 纯洁白狐 攻击对方主战者，造成 1 点伤害（对方生命 18）
[半回合 007][玩家 1] 结束回合
[半回合 008][玩家 2] 第 4 个行动回合开始，能量 4/4
[半回合 008][玩家 2] 回合抽牌：纯洁白狐
[半回合 008][玩家 2] 打出护符 坚固的雾卷花（3费）
[半回合 008][玩家 2] 坚固的雾卷花 等待选择目标：纯洁白狐、纯洁白狐、崇敬的涂描者
[半回合 008][玩家 2] 选择目标：崇敬的涂描者
[半回合 008][玩家 2] 坚固的雾卷花 对 崇敬的涂描者 造成 5 点伤害（剩余生命 -2）
[半回合 008][玩家 2] 结束回合
[半回合 009][玩家 1] 第 5 个行动回合开始，能量 5/5
[半回合 009][玩家 1] 回合抽牌：英雄幻视·托路
[半回合 009][玩家 1] 打出 激震的歌利亚 (4费 4/5)
[半回合 009][玩家 1] 打出护符 祥和的教会（1费，倒数 3）
[半回合 009][玩家 1] 进化 激震的歌利亚，变为 6/7，剩余进化点 0
[半回合 009][玩家 1] 纯洁白狐 攻击对方主战者，造成 1 点伤害（对方生命 17）
[半回合 009][玩家 1] 纯洁白狐 攻击对方主战者，造成 3 点伤害（对方生命 14）
[半回合 009][玩家 1] 结束回合
[半回合 010][玩家 2] 第 5 个行动回合开始，能量 5/5
[半回合 010][玩家 2] 回合抽牌：激震的歌利亚
[半回合 010][玩家 2] 打出 崇敬的涂描者 (4费 5/3)
[半回合 010][玩家 2] 进化 崇敬的涂描者，变为 7/5，剩余进化点 1
[半回合 010][玩家 2] 崇敬的涂描者 攻击 纯洁白狐，造成 7 点并受到 1 点伤害
[半回合 010][玩家 2] 结束回合
[半回合 011][玩家 1] 祥和的教会 倒数减为 2
[半回合 011][玩家 1] 第 6 个行动回合开始，能量 6/6
[半回合 011][玩家 1] 回合抽牌：坚固的雾卷花
[半回合 011][玩家 1] 打出 激震的歌利亚 (4费 4/5)
[半回合 011][玩家 1] 纯洁白狐 攻击对方主战者，造成 3 点伤害（对方生命 11）
[半回合 011][玩家 1] 激震的歌利亚 攻击 崇敬的涂描者，造成 6 点并受到 7 点伤害
[半回合 011][玩家 1] 结束回合
[半回合 012][玩家 2] 第 6 个行动回合开始，能量 6/6
[半回合 012][玩家 2] 回合抽牌：祥和的教会
[半回合 012][玩家 2] 打出 激震的歌利亚 (4费 4/5)
[半回合 012][玩家 2] 打出 纯洁白狐 (2费 1/3)
[半回合 012][玩家 2] 进化 纯洁白狐，变为 3/5，剩余进化点 0
[半回合 012][玩家 2] 纯洁白狐 攻击 激震的歌利亚，造成 3 点并受到 4 点伤害
[半回合 012][玩家 2] 结束回合
[半回合 013][玩家 1] 祥和的教会 倒数减为 1
[半回合 013][玩家 1] 第 7 个行动回合开始，能量 7/7
[半回合 013][玩家 1] 回合抽牌：激震的歌利亚
[半回合 013][玩家 1] 打出护符 坚固的雾卷花（3费）
[半回合 013][玩家 1] 坚固的雾卷花 等待选择目标：激震的歌利亚、纯洁白狐
[半回合 013][玩家 1] 选择目标：激震的歌利亚
[半回合 013][玩家 1] 坚固的雾卷花 对 激震的歌利亚 造成 5 点伤害（剩余生命 0）
[半回合 013][玩家 1] 打出 崇敬的涂描者 (4费 5/3)
[半回合 013][玩家 1] 崇敬的涂描者 攻击 纯洁白狐，造成 5 点并受到 3 点伤害
[半回合 013][玩家 1] 激震的歌利亚 攻击对方主战者，造成 4 点伤害（对方生命 7）
[半回合 013][玩家 1] 纯洁白狐 攻击对方主战者，造成 3 点伤害（对方生命 4）
[半回合 013][玩家 1] 结束回合
[半回合 014][玩家 2] 第 7 个行动回合开始，能量 7/7
[半回合 014][玩家 2] 回合抽牌：祥和的教会
[半回合 014][玩家 2] 打出护符 祥和的教会（1费，倒数 3）
[半回合 014][玩家 2] 打出 激震的歌利亚 (4费 4/5)
[半回合 014][玩家 2] 打出护符 祥和的教会（1费，倒数 3）
[半回合 014][玩家 2] 结束回合
[半回合 015][玩家 1] 祥和的教会 倒数减为 0
[半回合 015][玩家 1] 护符 祥和的教会 被破坏
[半回合 015][玩家 1] 祥和的教会 谢幕曲抽牌：纯洁白狐
[半回合 015][玩家 1] 祥和的教会 谢幕曲抽牌：英雄幻视·托路
[半回合 015][玩家 1] 第 8 个行动回合开始，能量 8/8
[半回合 015][玩家 1] 回合抽牌：激震的歌利亚
[半回合 015][玩家 1] 打出 英雄幻视·托路 (3费 2/1)
[半回合 015][玩家 1] 打出 激震的歌利亚 (4费 4/5)
[半回合 015][玩家 1] 英雄幻视·托路 攻击 激震的歌利亚，造成 2 点并受到 4 点伤害
[半回合 015][玩家 1] 激震的歌利亚 攻击 激震的歌利亚，造成 4 点并受到 4 点伤害
[半回合 015][玩家 1] 纯洁白狐 攻击对方主战者，造成 3 点伤害（对方生命 1）
[半回合 015][玩家 1] 结束回合
[半回合 016][玩家 2] 祥和的教会 倒数减为 2
[半回合 016][玩家 2] 祥和的教会 倒数减为 2
[半回合 016][玩家 2] 第 8 个行动回合开始，能量 8/8
[半回合 016][玩家 2] 回合抽牌：激震的歌利亚
[半回合 016][玩家 2] 打出 崇敬的涂描者 (4费 5/3)
[半回合 016][玩家 2] 打出 激震的歌利亚 (4费 4/5)
[半回合 016][玩家 2] 崇敬的涂描者 攻击 纯洁白狐，造成 5 点并受到 3 点伤害
[半回合 016][玩家 2] 结束回合
[半回合 017][玩家 1] 第 9 个行动回合开始，能量 9/9
[半回合 017][玩家 1] 回合抽牌：纯洁白狐
[半回合 017][玩家 1] 打出 激震的歌利亚 (4费 4/5)
[半回合 017][玩家 1] 打出 纯洁白狐 (2费 1/3)
[半回合 017][玩家 1] 打出 纯洁白狐 (2费 1/3)
[半回合 017][玩家 1] 激震的歌利亚 攻击 激震的歌利亚，造成 4 点并受到 4 点伤害
[半回合 017][玩家 1] 结束回合
[半回合 018][玩家 2] 祥和的教会 倒数减为 1
[半回合 018][玩家 2] 祥和的教会 倒数减为 1
[半回合 018][玩家 2] 第 9 个行动回合开始，能量 9/9
[半回合 018][玩家 2] 回合抽牌：崇敬的涂描者
[半回合 018][玩家 2] 打出护符 坚固的雾卷花（3费）
[半回合 018][玩家 2] 坚固的雾卷花 等待选择目标：激震的歌利亚、激震的歌利亚、纯洁白狐、纯洁白狐
[半回合 018][玩家 2] 选择目标：激震的歌利亚
[半回合 018][玩家 2] 坚固的雾卷花 对 激震的歌利亚 造成 5 点伤害（剩余生命 0）
[半回合 018][玩家 2] 激震的歌利亚 攻击 纯洁白狐，造成 4 点并受到 1 点伤害
[半回合 018][玩家 2] 打出 崇敬的涂描者 (4费 5/3)
[半回合 018][玩家 2] 崇敬的涂描者 攻击 激震的歌利亚，造成 5 点并受到 4 点伤害
[半回合 018][玩家 2] 结束回合
[半回合 019][玩家 1] 第 10 个行动回合开始，能量 10/10
[半回合 019][玩家 1] 回合抽牌：激震的歌利亚
[半回合 019][玩家 1] 打出 英雄幻视·托路 (3费 2/1)
[半回合 019][玩家 1] 打出 激震的歌利亚 (4费 4/5)
[半回合 019][玩家 1] 纯洁白狐 攻击对方主战者，造成 1 点伤害（对方生命 0）
=== 对局结束：玩家 1 获胜 ===

最终状态：玩家1生命=20，玩家2生命=0，胜者=1
