=== 对局开始 ===
[玩家 1] 职业：主教，牌组 40 张
[玩家 2] 职业：主教，牌组 40 张
[半回合 001][玩家 1] 起手：坚固的雾卷花
[半回合 001][玩家 1] 起手：纯洁白狐
[半回合 001][玩家 1] 起手：纯洁白狐
[半回合 001][玩家 1] 起手：纯洁白狐
[半回合 001][玩家 2] 起手：崇敬的涂描者
[半回合 001][玩家 2] 起手：坚固的雾卷花
[半回合 001][玩家 2] 起手：激震的歌利亚
[半回合 001][玩家 2] 起手：坚固的雾卷花
[半回合 001][玩家 2] 起手换牌：更换 2 张
[半回合 001][玩家 1] 起手换牌：更换 1 张
[半回合 001][玩家 2] 第 1 个行动回合开始，能量 1/1
[半回合 001][玩家 2] 回合抽牌：英雄幻视·托路
[半回合 001][玩家 2] 结晶 崇敬的涂描者（1费，倒数 3）
[半回合 001][玩家 2] 结束回合
[半回合 002][玩家 1] 第 1 个行动回合开始，能量 1/1
[半回合 002][玩家 1] 回合抽牌：激震的歌利亚
[半回合 002][玩家 1] 使用额外PP：1 → 2
[半回合 002][玩家 1] 打出 纯洁白狐 (2费 1/3)
[半回合 002][玩家 1] 结束回合
[半回合 003][玩家 2] 崇敬的涂描者 倒数减为 2
[半回合 003][玩家 2] 第 2 个行动回合开始，能量 2/2
[半回合 003][玩家 2] 回合抽牌：崇敬的涂描者
[半回合 003][玩家 2] 结晶 崇敬的涂描者（1费，倒数 3）
[半回合 003][玩家 2] 结束回合
[半回合 004][玩家 1] 第 2 个行动回合开始，能量 2/2
[半回合 004][玩家 1] 回合抽牌：英雄幻视·托路
[半回合 004][玩家 1] 打出 纯洁白狐 (2费 1/3)
[半回合 004][玩家 1] 纯洁白狐 攻击对方主战者，造成 1 点伤害（对方生命 19）
[半回合 004][玩家 1] 结束回合
[半回合 005][玩家 2] 崇敬的涂描者 倒数减为 1
[半回合 005][玩家 2] 崇敬的涂描者 倒数减为 2
[半回合 005][玩家 2] 第 3 个行动回合开始，能量 3/3
[半回合 005][玩家 2] 回合抽牌：祥和的教会
[半回合 005][玩家 2] 打出护符 坚固的雾卷花（3费）
[半回合 005][玩家 2] 坚固的雾卷花 等待选择 1 个目标：纯洁白狐、纯洁白狐
[半回合 005][玩家 2] 选择目标：纯洁白狐
[半回合 005][玩家 2] 效果 对 纯洁白狐 造成 3 点伤害（剩余生命 0）
[半回合 005][玩家 1] 随从 纯洁白狐 被破坏
[半回合 005][玩家 1] 纯洁白狐 谢幕曲开始
[半回合 005][玩家 2] 策动 坚固的雾卷花（0费）
[半回合 005][玩家 2] 护符 坚固的雾卷花 被破坏
[半回合 005][玩家 2] 坚固的雾卷花 谢幕曲开始
[半回合 005][玩家 2] 激震的歌利亚 返回牌组
[半回合 005][玩家 2] 祥和的教会 返回牌组
[半回合 005][玩家 2] 坚固的雾卷花 策动抽牌：崇敬的涂描者
[半回合 005][玩家 2] 坚固的雾卷花 策动抽牌：坚固的雾卷花
[半回合 005][玩家 2] 结束回合
[半回合 006][玩家 1] 第 3 个行动回合开始，能量 3/3
[半回合 006][玩家 1] 回合抽牌：祥和的教会
[半回合 006][玩家 1] 打出护符 祥和的教会（1费，倒数 3）
[半回合 006][玩家 1] 结晶 崇敬的涂描者（1费，倒数 3）
[半回合 006][玩家 1] 策动 祥和的教会（1费）
[半回合 006][玩家 1] 祥和的教会 倒数由 3 变为 2
[半回合 006][玩家 1] 纯洁白狐 攻击对方主战者，造成 1 点伤害（对方生命 18）
[半回合 006][玩家 1] 结束回合
[半回合 007][玩家 2] 崇敬的涂描者 倒数减为 0
[半回合 007][玩家 2] 护符 崇敬的涂描者 倒数归零
[半回合 007][玩家 2] 护符 崇敬的涂描者 被破坏
[半回合 007][玩家 2] 崇敬的涂描者 倒数减为 1
[半回合 007][玩家 2] 崇敬的涂描者 谢幕曲开始
[半回合 007][玩家 2] 崇敬的涂描者 召唤 崇敬的涂描者 (5/3)
[半回合 007][玩家 2] 第 4 个行动回合开始，能量 4/4
[半回合 007][玩家 2] 回合抽牌：崇敬的涂描者
[半回合 007][玩家 2] 打出 激震的歌利亚 (4费 4/5)
[半回合 007][玩家 1] 纯洁白狐 对 崇敬的涂描者 造成 1 点伤害（剩余生命 2）
[半回合 007][玩家 2] 崇敬的涂描者 的必杀破坏了 纯洁白狐
[半回合 007][玩家 2] 崇敬的涂描者 对 纯洁白狐 造成 3 点伤害（剩余生命 0）
[半回合 007][玩家 2] 崇敬的涂描者 攻击 纯洁白狐，造成 3 点并受到 1 点伤害
[半回合 007][玩家 1] 随从 纯洁白狐 被破坏
[半回合 007][玩家 1] 纯洁白狐 谢幕曲开始
[半回合 007][玩家 2] 结束回合
[半回合 008][玩家 1] 祥和的教会 倒数减为 1
[半回合 008][玩家 1] 崇敬的涂描者 倒数减为 2
[半回合 008][玩家 1] 第 4 个行动回合开始，能量 4/4
[半回合 008][玩家 1] 回合抽牌：祥和的教会
[半回合 008][玩家 1] 打出护符 坚固的雾卷花（3费）
[半回合 008][玩家 1] 坚固的雾卷花 等待选择 1 个目标：崇敬的涂描者、激震的歌利亚
[半回合 008][玩家 1] 选择目标：激震的歌利亚
[半回合 008][玩家 1] 效果 对 激震的歌利亚 造成 5 点伤害（剩余生命 0）
[半回合 008][玩家 2] 随从 激震的歌利亚 被破坏
[半回合 008][玩家 2] 激震的歌利亚 谢幕曲开始
[半回合 008][玩家 1] 打出护符 祥和的教会（1费，倒数 3）
[半回合 008][玩家 1] 策动 坚固的雾卷花（0费）
[半回合 008][玩家 1] 护符 坚固的雾卷花 被破坏
[半回合 008][玩家 1] 坚固的雾卷花 谢幕曲开始
[半回合 008][玩家 1] 英雄幻视·托路 返回牌组
[半回合 008][玩家 1] 激震的歌利亚 返回牌组
[半回合 008][玩家 1] 坚固的雾卷花 策动抽牌：激震的歌利亚
[半回合 008][玩家 1] 坚固的雾卷花 策动抽牌：激震的歌利亚
[半回合 008][玩家 1] 结束回合
[半回合 009][玩家 2] 崇敬的涂描者 倒数减为 0
[半回合 009][玩家 2] 护符 崇敬的涂描者 倒数归零
[半回合 009][玩家 2] 护符 崇敬的涂描者 被破坏
[半回合 009][玩家 2] 崇敬的涂描者 谢幕曲开始
[半回合 009][玩家 2] 崇敬的涂描者 召唤 崇敬的涂描者 (5/3)
[半回合 009][玩家 2] 第 5 个行动回合开始，能量 5/5
[半回合 009][玩家 2] 回合抽牌：激震的歌利亚
[半回合 009][玩家 2] 打出 激震的歌利亚 (4费 4/5)
[半回合 009][玩家 2] 结晶 崇敬的涂描者（1费，倒数 3）
[半回合 009][玩家 2] 进化 崇敬的涂描者，变为 7/4，剩余进化点 1
[半回合 009][玩家 2] 崇敬的涂描者 攻击对方主战者，造成 7 点伤害（对方生命 13）
[半回合 009][玩家 2] 结束回合
[半回合 010][玩家 1] 祥和的教会 倒数减为 0
[半回合 010][玩家 1] 护符 祥和的教会 倒数归零
[半回合 010][玩家 1] 护符 祥和的教会 被破坏
[半回合 010][玩家 1] 崇敬的涂描者 倒数减为 1
[半回合 010][玩家 1] 祥和的教会 倒数减为 2
[半回合 010][玩家 1] 祥和的教会 谢幕曲开始
[半回合 010][玩家 1] 祥和的教会 谢幕曲抽牌：坚固的雾卷花
[半回合 010][玩家 1] 祥和的教会 谢幕曲抽牌：激震的歌利亚
[半回合 010][玩家 1] 第 5 个行动回合开始，能量 5/5
[半回合 010][玩家 1] 回合抽牌：纯洁白狐
[半回合 010][玩家 1] 打出 激震的歌利亚 (4费 4/5)
[半回合 010][玩家 1] 进化 激震的歌利亚，变为 6/7，剩余进化点 1
[半回合 010][玩家 1] 策动 祥和的教会（1费）
[半回合 010][玩家 1] 祥和的教会 倒数由 2 变为 1
[半回合 010][玩家 2] 激震的歌利亚 对 激震的歌利亚 造成 4 点伤害（剩余生命 3）
[半回合 010][玩家 1] 激震的歌利亚 对 激震的歌利亚 造成 5 点伤害（剩余生命 0）
[半回合 010][玩家 1] 激震的歌利亚 攻击 激震的歌利亚，造成 5 点并受到 4 点伤害
[半回合 010][玩家 2] 随从 激震的歌利亚 被破坏
[半回合 010][玩家 2] 激震的歌利亚 谢幕曲开始
[半回合 010][玩家 1] 结束回合
[半回合 011][玩家 2] 崇敬的涂描者 倒数减为 2
[半回合 011][玩家 2] 第 6 个行动回合开始，能量 6/6
[半回合 011][玩家 2] 回合抽牌：祥和的教会
[半回合 011][玩家 2] 打出护符 坚固的雾卷花（3费）
[半回合 011][玩家 2] 坚固的雾卷花 等待选择 1 个目标：激震的歌利亚
[半回合 011][玩家 2] 选择目标：激震的歌利亚
[半回合 011][玩家 2] 效果 对 激震的歌利亚 造成 3 点伤害（剩余生命 0）
[半回合 011][玩家 1] 随从 激震的歌利亚 被破坏
[半回合 011][玩家 1] 激震的歌利亚 谢幕曲开始
[半回合 011][玩家 2] 打出护符 祥和的教会（1费，倒数 3）
[半回合 011][玩家 2] 策动 祥和的教会（1费）
[半回合 011][玩家 2] 祥和的教会 倒数由 3 变为 2
[半回合 011][玩家 2] 策动 坚固的雾卷花（0费）
[半回合 011][玩家 2] 护符 坚固的雾卷花 被破坏
[半回合 011][玩家 2] 坚固的雾卷花 谢幕曲开始
[半回合 011][玩家 2] 崇敬的涂描者 返回牌组
[半回合 011][玩家 2] 英雄幻视·托路 返回牌组
[半回合 011][玩家 2] 坚固的雾卷花 策动抽牌：激震的歌利亚
[半回合 011][玩家 2] 坚固的雾卷花 策动抽牌：纯洁白狐
[半回合 011][玩家 2] 进化 崇敬的涂描者，变为 7/5，剩余进化点 0
[半回合 011][玩家 2] 崇敬的涂描者 攻击对方主战者，造成 7 点伤害（对方生命 6）
[半回合 011][玩家 2] 崇敬的涂描者 攻击对方主战者，造成 6 点伤害（对方生命 0）
=== 对局结束：玩家 2 获胜 ===

最终状态：玩家1生命=0，玩家2生命=18，结果=2
